want to ignore
